{
  "head": "e9c97d6c67353c2197ba2f7898329b3a6d0ce8e6",
  "totalRows": 30,
  "normalScores": [
    {
      "score": 0,
      "card": "★ 0점",
      "popup": "★ 0점",
      "rank": 16
    },
    {
      "score": 92,
      "card": "★★★★★ 92점",
      "popup": "★★★★★ 92점",
      "rank": 108
    },
    {
      "score": 92.5,
      "card": "★★★★★ 92.5점",
      "popup": "★★★★★ 92.5점",
      "rank": 108.5
    },
    {
      "score": 100,
      "card": "★★★★★ 100점",
      "popup": "★★★★★ 100점",
      "rank": 116
    }
  ],
  "newMismatches": [],
  "previous": [
    {
      "id": "previous_saved",
      "route": "tide_today",
      "before": false,
      "after": false
    },
    {
      "id": "previous_saved",
      "route": "ordinary_today",
      "before": false,
      "after": false
    },
    {
      "id": "previous_day_lies_eligible",
      "route": "tide_today",
      "before": false,
      "after": false
    },
    {
      "id": "previous_day_lies_eligible",
      "route": "ordinary_today",
      "before": false,
      "after": false
    }
  ]
}
