{
  "normal": [
    {
      "rev": "35141c04d4fd152982b1f4683d5b7a6f4f7514e5",
      "onCandidates": 176,
      "offCandidates": 176,
      "onTopIds": [
        "108",
        "112",
        "15",
        "194",
        "126",
        "14",
        "107",
        "48",
        "195",
        "3"
      ],
      "offTopIds": [
        "112",
        "7",
        "8",
        "10",
        "126",
        "14",
        "107",
        "48",
        "3",
        "5"
      ],
      "independentSelectorMatches": true
    },
    {
      "rev": "bf74095adb3bf0b13f1aca31193c8d03cf8ff53f",
      "onCandidates": 176,
      "offCandidates": 176,
      "onTopIds": [
        "108",
        "112",
        "15",
        "194",
        "126",
        "14",
        "107",
        "48",
        "195",
        "3"
      ],
      "offTopIds": [
        "112",
        "7",
        "8",
        "10",
        "126",
        "14",
        "107",
        "48",
        "3",
        "5"
      ],
      "independentSelectorMatches": true
    },
    {
      "rev": "a35b8598d55890e705042e4d6f88621357749d09",
      "onCandidates": 176,
      "offCandidates": 176,
      "onTopIds": [
        "108",
        "112",
        "15",
        "194",
        "126",
        "14",
        "107",
        "48",
        "195",
        "3"
      ],
      "offTopIds": [
        "112",
        "7",
        "8",
        "10",
        "126",
        "14",
        "107",
        "48",
        "3",
        "5"
      ],
      "independentSelectorMatches": true
    },
    {
      "rev": "b12e20c1b6d856a021898a0c1c9221b30393a221",
      "onCandidates": 176,
      "offCandidates": 176,
      "onTopIds": [
        "108",
        "112",
        "15",
        "194",
        "126",
        "14",
        "107",
        "48",
        "195",
        "3"
      ],
      "offTopIds": [
        "112",
        "7",
        "8",
        "10",
        "126",
        "14",
        "107",
        "48",
        "3",
        "5"
      ],
      "independentSelectorMatches": true
    }
  ],
  "differences": [
    {
      "before": "35141c04d4fd152982b1f4683d5b7a6f4f7514e5",
      "after": "bf74095adb3bf0b13f1aca31193c8d03cf8ff53f",
      "condition": "reportsOn",
      "changedSiteIds": [],
      "topChanged": false,
      "full190SignatureEqual": true
    },
    {
      "before": "35141c04d4fd152982b1f4683d5b7a6f4f7514e5",
      "after": "a35b8598d55890e705042e4d6f88621357749d09",
      "condition": "reportsOn",
      "changedSiteIds": [],
      "topChanged": false,
      "full190SignatureEqual": true
    },
    {
      "before": "35141c04d4fd152982b1f4683d5b7a6f4f7514e5",
      "after": "b12e20c1b6d856a021898a0c1c9221b30393a221",
      "condition": "reportsOn",
      "changedSiteIds": [],
      "topChanged": false,
      "full190SignatureEqual": true
    },
    {
      "before": "35141c04d4fd152982b1f4683d5b7a6f4f7514e5",
      "after": "bf74095adb3bf0b13f1aca31193c8d03cf8ff53f",
      "condition": "reportsOff",
      "changedSiteIds": [],
      "topChanged": false,
      "full190SignatureEqual": true
    },
    {
      "before": "35141c04d4fd152982b1f4683d5b7a6f4f7514e5",
      "after": "a35b8598d55890e705042e4d6f88621357749d09",
      "condition": "reportsOff",
      "changedSiteIds": [],
      "topChanged": false,
      "full190SignatureEqual": true
    },
    {
      "before": "35141c04d4fd152982b1f4683d5b7a6f4f7514e5",
      "after": "b12e20c1b6d856a021898a0c1c9221b30393a221",
      "condition": "reportsOff",
      "changedSiteIds": [],
      "topChanged": false,
      "full190SignatureEqual": true
    }
  ],
  "synthetic": [
    {
      "rev": "35141c04d4fd152982b1f4683d5b7a6f4f7514e5",
      "candidates": 176,
      "zeroScoreIds": [
        "10",
        "15",
        "16",
        "34",
        "37",
        "108",
        "126",
        "136",
        "164",
        "194",
        "195"
      ],
      "top": [
        "112",
        "7",
        "8",
        "20",
        "126",
        "14",
        "107",
        "48",
        "3",
        "5"
      ]
    },
    {
      "rev": "bf74095adb3bf0b13f1aca31193c8d03cf8ff53f",
      "candidates": 176,
      "zeroScoreIds": [
        "10",
        "15",
        "16",
        "34",
        "37",
        "108",
        "126",
        "136",
        "164",
        "194",
        "195"
      ],
      "top": [
        "112",
        "7",
        "8",
        "20",
        "126",
        "14",
        "107",
        "48",
        "3",
        "5"
      ]
    },
    {
      "rev": "a35b8598d55890e705042e4d6f88621357749d09",
      "candidates": 165,
      "zeroScoreIds": [],
      "top": [
        "112",
        "7",
        "8",
        "20",
        "14",
        "107",
        "9",
        "48",
        "3",
        "5"
      ]
    },
    {
      "rev": "b12e20c1b6d856a021898a0c1c9221b30393a221",
      "candidates": 165,
      "zeroScoreIds": [],
      "top": [
        "112",
        "7",
        "8",
        "20",
        "14",
        "107",
        "9",
        "48",
        "3",
        "5"
      ]
    }
  ],
  "s1SnapshotClassifier": [
    {
      "rev": "35141c04d4fd152982b1f4683d5b7a6f4f7514e5",
      "sites": 11,
      "literalSpeciesCount": 24,
      "classifiedSensitiveIds": []
    },
    {
      "rev": "a35b8598d55890e705042e4d6f88621357749d09",
      "sites": 11,
      "literalSpeciesCount": 24,
      "classifiedSensitiveIds": []
    },
    {
      "rev": "b12e20c1b6d856a021898a0c1c9221b30393a221",
      "sites": 11,
      "literalSpeciesCount": 24,
      "classifiedSensitiveIds": []
    }
  ]
}
