{
  "head": "2e485079a34fa5aeeef09e82f3b996bf2696d978",
  "scenarioCount": 19,
  "experimentCount": 38,
  "independentSelectionComparisons": 114,
  "summary": [
    {
      "scenario": "fixed_normal_week",
      "reports": "OFF",
      "candidates": 176,
      "safe": 176,
      "reference": 0,
      "currentTop": [
        "112",
        "7",
        "8",
        "10",
        "126",
        "14",
        "107",
        "48",
        "3",
        "5"
      ],
      "currentUnknownTop": [],
      "filteredCandidates": 176,
      "filteredTop": [
        "112",
        "7",
        "8",
        "10",
        "126",
        "14",
        "107",
        "48",
        "3",
        "5"
      ],
      "filterDifferences": 0
    },
    {
      "scenario": "fixed_normal_week",
      "reports": "ON",
      "candidates": 176,
      "safe": 176,
      "reference": 0,
      "currentTop": [
        "108",
        "112",
        "15",
        "194",
        "126",
        "14",
        "107",
        "48",
        "195",
        "3"
      ],
      "currentUnknownTop": [],
      "filteredCandidates": 176,
      "filteredTop": [
        "108",
        "112",
        "15",
        "194",
        "126",
        "14",
        "107",
        "48",
        "195",
        "3"
      ],
      "filterDifferences": 0
    },
    {
      "scenario": "fixed_week_loader_failure",
      "reports": "OFF",
      "candidates": 166,
      "safe": 166,
      "reference": 0,
      "currentTop": [
        "7",
        "8",
        "10",
        "15",
        "126",
        "9",
        "11",
        "6",
        "3",
        "108"
      ],
      "currentUnknownTop": [],
      "filteredCandidates": 166,
      "filteredTop": [
        "7",
        "8",
        "10",
        "15",
        "126",
        "9",
        "11",
        "6",
        "3",
        "108"
      ],
      "filterDifferences": 0
    },
    {
      "scenario": "fixed_week_loader_failure",
      "reports": "ON",
      "candidates": 166,
      "safe": 166,
      "reference": 0,
      "currentTop": [
        "108",
        "15",
        "194",
        "37",
        "126",
        "9",
        "10",
        "195",
        "6",
        "34"
      ],
      "currentUnknownTop": [],
      "filteredCandidates": 166,
      "filteredTop": [
        "108",
        "15",
        "194",
        "37",
        "126",
        "9",
        "10",
        "195",
        "6",
        "34"
      ],
      "filterDifferences": 0
    },
    {
      "scenario": "fixed_week_empty_registry",
      "reports": "OFF",
      "candidates": 166,
      "safe": 166,
      "reference": 0,
      "currentTop": [
        "7",
        "8",
        "10",
        "15",
        "126",
        "9",
        "11",
        "6",
        "3",
        "108"
      ],
      "currentUnknownTop": [],
      "filteredCandidates": 166,
      "filteredTop": [
        "7",
        "8",
        "10",
        "15",
        "126",
        "9",
        "11",
        "6",
        "3",
        "108"
      ],
      "filterDifferences": 0
    },
    {
      "scenario": "fixed_week_empty_registry",
      "reports": "ON",
      "candidates": 166,
      "safe": 166,
      "reference": 0,
      "currentTop": [
        "108",
        "15",
        "194",
        "37",
        "126",
        "9",
        "10",
        "195",
        "6",
        "34"
      ],
      "currentUnknownTop": [],
      "filteredCandidates": 166,
      "filteredTop": [
        "108",
        "15",
        "194",
        "37",
        "126",
        "9",
        "10",
        "195",
        "6",
        "34"
      ],
      "filterDifferences": 0
    },
    {
      "scenario": "fixed_week_missing_site14",
      "reports": "OFF",
      "candidates": 175,
      "safe": 175,
      "reference": 0,
      "currentTop": [
        "112",
        "7",
        "8",
        "10",
        "126",
        "107",
        "9",
        "48",
        "3",
        "5"
      ],
      "currentUnknownTop": [],
      "filteredCandidates": 175,
      "filteredTop": [
        "112",
        "7",
        "8",
        "10",
        "126",
        "107",
        "9",
        "48",
        "3",
        "5"
      ],
      "filterDifferences": 0
    },
    {
      "scenario": "fixed_week_missing_site14",
      "reports": "ON",
      "candidates": 175,
      "safe": 175,
      "reference": 0,
      "currentTop": [
        "108",
        "112",
        "15",
        "194",
        "126",
        "107",
        "9",
        "48",
        "195",
        "3"
      ],
      "currentUnknownTop": [],
      "filteredCandidates": 175,
      "filteredTop": [
        "108",
        "112",
        "15",
        "194",
        "126",
        "107",
        "9",
        "48",
        "195",
        "3"
      ],
      "filterDifferences": 0
    },
    {
      "scenario": "fixed_week_missing_report_sites",
      "reports": "OFF",
      "candidates": 176,
      "safe": 176,
      "reference": 0,
      "currentTop": [
        "112",
        "10",
        "15",
        "7",
        "126",
        "14",
        "107",
        "48",
        "3",
        "5"
      ],
      "currentUnknownTop": [],
      "filteredCandidates": 176,
      "filteredTop": [
        "112",
        "10",
        "15",
        "7",
        "126",
        "14",
        "107",
        "48",
        "3",
        "5"
      ],
      "filterDifferences": 0
    },
    {
      "scenario": "fixed_week_missing_report_sites",
      "reports": "ON",
      "candidates": 176,
      "safe": 176,
      "reference": 0,
      "currentTop": [
        "108",
        "112",
        "15",
        "194",
        "126",
        "14",
        "107",
        "48",
        "195",
        "3"
      ],
      "currentUnknownTop": [],
      "filteredCandidates": 176,
      "filteredTop": [
        "108",
        "112",
        "15",
        "194",
        "126",
        "14",
        "107",
        "48",
        "195",
        "3"
      ],
      "filterDifferences": 0
    },
    {
      "scenario": "fixed_week_site14_no_samples",
      "reports": "OFF",
      "candidates": 175,
      "safe": 175,
      "reference": 0,
      "currentTop": [
        "112",
        "7",
        "8",
        "10",
        "126",
        "107",
        "9",
        "48",
        "3",
        "5"
      ],
      "currentUnknownTop": [],
      "filteredCandidates": 175,
      "filteredTop": [
        "112",
        "7",
        "8",
        "10",
        "126",
        "107",
        "9",
        "48",
        "3",
        "5"
      ],
      "filterDifferences": 0
    },
    {
      "scenario": "fixed_week_site14_no_samples",
      "reports": "ON",
      "candidates": 175,
      "safe": 175,
      "reference": 0,
      "currentTop": [
        "108",
        "112",
        "15",
        "194",
        "126",
        "107",
        "9",
        "48",
        "195",
        "3"
      ],
      "currentUnknownTop": [],
      "filteredCandidates": 175,
      "filteredTop": [
        "108",
        "112",
        "15",
        "194",
        "126",
        "107",
        "9",
        "48",
        "195",
        "3"
      ],
      "filterDifferences": 0
    },
    {
      "scenario": "fixed_week_report_sites_no_samples",
      "reports": "OFF",
      "candidates": 165,
      "safe": 165,
      "reference": 0,
      "currentTop": [
        "112",
        "7",
        "8",
        "20",
        "14",
        "107",
        "9",
        "48",
        "3",
        "5"
      ],
      "currentUnknownTop": [],
      "filteredCandidates": 165,
      "filteredTop": [
        "112",
        "7",
        "8",
        "20",
        "14",
        "107",
        "9",
        "48",
        "3",
        "5"
      ],
      "filterDifferences": 0
    },
    {
      "scenario": "fixed_week_report_sites_no_samples",
      "reports": "ON",
      "candidates": 165,
      "safe": 165,
      "reference": 0,
      "currentTop": [
        "112",
        "7",
        "8",
        "20",
        "14",
        "107",
        "9",
        "48",
        "3",
        "5"
      ],
      "currentUnknownTop": [],
      "filteredCandidates": 165,
      "filteredTop": [
        "112",
        "7",
        "8",
        "20",
        "14",
        "107",
        "9",
        "48",
        "3",
        "5"
      ],
      "filterDifferences": 0
    },
    {
      "scenario": "controlled_2240_today_fresh_week_failure",
      "reports": "OFF",
      "candidates": 166,
      "safe": 166,
      "reference": 0,
      "currentTop": [
        "7",
        "8",
        "10",
        "15",
        "126",
        "9",
        "11",
        "6",
        "3",
        "108"
      ],
      "currentUnknownTop": [],
      "filteredCandidates": 166,
      "filteredTop": [
        "7",
        "8",
        "10",
        "15",
        "126",
        "9",
        "11",
        "6",
        "3",
        "108"
      ],
      "filterDifferences": 0
    },
    {
      "scenario": "controlled_2240_today_fresh_week_failure",
      "reports": "ON",
      "candidates": 166,
      "safe": 166,
      "reference": 0,
      "currentTop": [
        "108",
        "15",
        "194",
        "37",
        "126",
        "9",
        "10",
        "195",
        "6",
        "34"
      ],
      "currentUnknownTop": [],
      "filteredCandidates": 166,
      "filteredTop": [
        "108",
        "15",
        "194",
        "37",
        "126",
        "9",
        "10",
        "195",
        "6",
        "34"
      ],
      "filterDifferences": 0
    },
    {
      "scenario": "controlled_2240_today_delayed_week_failure",
      "reports": "OFF",
      "candidates": 0,
      "safe": 0,
      "reference": 0,
      "currentTop": [],
      "currentUnknownTop": [],
      "filteredCandidates": 0,
      "filteredTop": [],
      "filterDifferences": 0
    },
    {
      "scenario": "controlled_2240_today_delayed_week_failure",
      "reports": "ON",
      "candidates": 0,
      "safe": 0,
      "reference": 0,
      "currentTop": [],
      "currentUnknownTop": [],
      "filteredCandidates": 0,
      "filteredTop": [],
      "filterDifferences": 0
    },
    {
      "scenario": "controlled_2240_today_future_week_failure",
      "reports": "OFF",
      "candidates": 0,
      "safe": 0,
      "reference": 0,
      "currentTop": [],
      "currentUnknownTop": [],
      "filteredCandidates": 0,
      "filteredTop": [],
      "filterDifferences": 0
    },
    {
      "scenario": "controlled_2240_today_future_week_failure",
      "reports": "ON",
      "candidates": 0,
      "safe": 0,
      "reference": 0,
      "currentTop": [],
      "currentUnknownTop": [],
      "filteredCandidates": 0,
      "filteredTop": [],
      "filterDifferences": 0
    },
    {
      "scenario": "controlled_2240_today_bad_generation_week_failure",
      "reports": "OFF",
      "candidates": 0,
      "safe": 0,
      "reference": 0,
      "currentTop": [],
      "currentUnknownTop": [],
      "filteredCandidates": 0,
      "filteredTop": [],
      "filterDifferences": 0
    },
    {
      "scenario": "controlled_2240_today_bad_generation_week_failure",
      "reports": "ON",
      "candidates": 0,
      "safe": 0,
      "reference": 0,
      "currentTop": [],
      "currentUnknownTop": [],
      "filteredCandidates": 0,
      "filteredTop": [],
      "filterDifferences": 0
    },
    {
      "scenario": "controlled_2240_today_missing_generation_week_failure",
      "reports": "OFF",
      "candidates": 0,
      "safe": 0,
      "reference": 0,
      "currentTop": [],
      "currentUnknownTop": [],
      "filteredCandidates": 0,
      "filteredTop": [],
      "filterDifferences": 0
    },
    {
      "scenario": "controlled_2240_today_missing_generation_week_failure",
      "reports": "ON",
      "candidates": 0,
      "safe": 0,
      "reference": 0,
      "currentTop": [],
      "currentUnknownTop": [],
      "filteredCandidates": 0,
      "filteredTop": [],
      "filterDifferences": 0
    },
    {
      "scenario": "controlled_2240_mixed_report_reference",
      "reports": "OFF",
      "candidates": 165,
      "safe": 165,
      "reference": 0,
      "currentTop": [
        "112",
        "7",
        "8",
        "20",
        "14",
        "107",
        "9",
        "48",
        "3",
        "5"
      ],
      "currentUnknownTop": [],
      "filteredCandidates": 165,
      "filteredTop": [
        "112",
        "7",
        "8",
        "20",
        "14",
        "107",
        "9",
        "48",
        "3",
        "5"
      ],
      "filterDifferences": 0
    },
    {
      "scenario": "controlled_2240_mixed_report_reference",
      "reports": "ON",
      "candidates": 165,
      "safe": 165,
      "reference": 0,
      "currentTop": [
        "112",
        "7",
        "8",
        "20",
        "14",
        "107",
        "9",
        "48",
        "3",
        "5"
      ],
      "currentUnknownTop": [],
      "filteredCandidates": 165,
      "filteredTop": [
        "112",
        "7",
        "8",
        "20",
        "14",
        "107",
        "9",
        "48",
        "3",
        "5"
      ],
      "filterDifferences": 0
    },
    {
      "scenario": "controlled_previous_saved_week_failure",
      "reports": "OFF",
      "candidates": 0,
      "safe": 0,
      "reference": 0,
      "currentTop": [],
      "currentUnknownTop": [],
      "filteredCandidates": 0,
      "filteredTop": [],
      "filterDifferences": 0
    },
    {
      "scenario": "controlled_previous_saved_week_failure",
      "reports": "ON",
      "candidates": 0,
      "safe": 0,
      "reference": 0,
      "currentTop": [],
      "currentUnknownTop": [],
      "filteredCandidates": 0,
      "filteredTop": [],
      "filterDifferences": 0
    },
    {
      "scenario": "controlled_sparse6h_before_due",
      "reports": "OFF",
      "candidates": 1,
      "safe": 1,
      "reference": 0,
      "currentTop": [
        "14"
      ],
      "currentUnknownTop": [],
      "filteredCandidates": 1,
      "filteredTop": [
        "14"
      ],
      "filterDifferences": 0
    },
    {
      "scenario": "controlled_sparse6h_before_due",
      "reports": "ON",
      "candidates": 1,
      "safe": 1,
      "reference": 0,
      "currentTop": [
        "14"
      ],
      "currentUnknownTop": [],
      "filteredCandidates": 1,
      "filteredTop": [
        "14"
      ],
      "filterDifferences": 0
    },
    {
      "scenario": "controlled_sparse6h_after_due",
      "reports": "OFF",
      "candidates": 0,
      "safe": 0,
      "reference": 0,
      "currentTop": [],
      "currentUnknownTop": [],
      "filteredCandidates": 0,
      "filteredTop": [],
      "filterDifferences": 0
    },
    {
      "scenario": "controlled_sparse6h_after_due",
      "reports": "ON",
      "candidates": 0,
      "safe": 0,
      "reference": 0,
      "currentTop": [],
      "currentUnknownTop": [],
      "filteredCandidates": 0,
      "filteredTop": [],
      "filterDifferences": 0
    },
    {
      "scenario": "controlled_sparse6h_future_generation",
      "reports": "OFF",
      "candidates": 0,
      "safe": 0,
      "reference": 0,
      "currentTop": [],
      "currentUnknownTop": [],
      "filteredCandidates": 0,
      "filteredTop": [],
      "filterDifferences": 0
    },
    {
      "scenario": "controlled_sparse6h_future_generation",
      "reports": "ON",
      "candidates": 0,
      "safe": 0,
      "reference": 0,
      "currentTop": [],
      "currentUnknownTop": [],
      "filteredCandidates": 0,
      "filteredTop": [],
      "filterDifferences": 0
    },
    {
      "scenario": "controlled_sparse6h_bad_generation",
      "reports": "OFF",
      "candidates": 0,
      "safe": 0,
      "reference": 0,
      "currentTop": [],
      "currentUnknownTop": [],
      "filteredCandidates": 0,
      "filteredTop": [],
      "filterDifferences": 0
    },
    {
      "scenario": "controlled_sparse6h_bad_generation",
      "reports": "ON",
      "candidates": 0,
      "safe": 0,
      "reference": 0,
      "currentTop": [],
      "currentUnknownTop": [],
      "filteredCandidates": 0,
      "filteredTop": [],
      "filterDifferences": 0
    },
    {
      "scenario": "controlled_sparse6h_forecast_previous_date",
      "reports": "OFF",
      "candidates": 0,
      "safe": 0,
      "reference": 0,
      "currentTop": [],
      "currentUnknownTop": [],
      "filteredCandidates": 0,
      "filteredTop": [],
      "filterDifferences": 0
    },
    {
      "scenario": "controlled_sparse6h_forecast_previous_date",
      "reports": "ON",
      "candidates": 0,
      "safe": 0,
      "reference": 0,
      "currentTop": [],
      "currentUnknownTop": [],
      "filteredCandidates": 0,
      "filteredTop": [],
      "filterDifferences": 0
    }
  ]
}
{
  "actualCConditions": 38,
  "allStrictExpectedCountsAndFullTopsMatch": true,
  "comparison": [
    {
      "scenario": "fixed_normal_week",
      "reports": "OFF",
      "beforeCandidates": 176,
      "beforeReferenceCandidates": 0,
      "expectedStrictCount": 176,
      "actualCCount": 176,
      "actualCTop": [
        "112",
        "7",
        "8",
        "10",
        "126",
        "14",
        "107",
        "48",
        "3",
        "5"
      ],
      "fullTopMatchesApprovedStrict": true,
      "referenceIdsRemaining": []
    },
    {
      "scenario": "fixed_normal_week",
      "reports": "ON",
      "beforeCandidates": 176,
      "beforeReferenceCandidates": 0,
      "expectedStrictCount": 176,
      "actualCCount": 176,
      "actualCTop": [
        "108",
        "112",
        "15",
        "194",
        "126",
        "14",
        "107",
        "48",
        "195",
        "3"
      ],
      "fullTopMatchesApprovedStrict": true,
      "referenceIdsRemaining": []
    },
    {
      "scenario": "fixed_week_loader_failure",
      "reports": "OFF",
      "beforeCandidates": 166,
      "beforeReferenceCandidates": 0,
      "expectedStrictCount": 166,
      "actualCCount": 166,
      "actualCTop": [
        "7",
        "8",
        "10",
        "15",
        "126",
        "9",
        "11",
        "6",
        "3",
        "108"
      ],
      "fullTopMatchesApprovedStrict": true,
      "referenceIdsRemaining": []
    },
    {
      "scenario": "fixed_week_loader_failure",
      "reports": "ON",
      "beforeCandidates": 166,
      "beforeReferenceCandidates": 0,
      "expectedStrictCount": 166,
      "actualCCount": 166,
      "actualCTop": [
        "108",
        "15",
        "194",
        "37",
        "126",
        "9",
        "10",
        "195",
        "6",
        "34"
      ],
      "fullTopMatchesApprovedStrict": true,
      "referenceIdsRemaining": []
    },
    {
      "scenario": "fixed_week_empty_registry",
      "reports": "OFF",
      "beforeCandidates": 166,
      "beforeReferenceCandidates": 0,
      "expectedStrictCount": 166,
      "actualCCount": 166,
      "actualCTop": [
        "7",
        "8",
        "10",
        "15",
        "126",
        "9",
        "11",
        "6",
        "3",
        "108"
      ],
      "fullTopMatchesApprovedStrict": true,
      "referenceIdsRemaining": []
    },
    {
      "scenario": "fixed_week_empty_registry",
      "reports": "ON",
      "beforeCandidates": 166,
      "beforeReferenceCandidates": 0,
      "expectedStrictCount": 166,
      "actualCCount": 166,
      "actualCTop": [
        "108",
        "15",
        "194",
        "37",
        "126",
        "9",
        "10",
        "195",
        "6",
        "34"
      ],
      "fullTopMatchesApprovedStrict": true,
      "referenceIdsRemaining": []
    },
    {
      "scenario": "fixed_week_missing_site14",
      "reports": "OFF",
      "beforeCandidates": 175,
      "beforeReferenceCandidates": 0,
      "expectedStrictCount": 175,
      "actualCCount": 175,
      "actualCTop": [
        "112",
        "7",
        "8",
        "10",
        "126",
        "107",
        "9",
        "48",
        "3",
        "5"
      ],
      "fullTopMatchesApprovedStrict": true,
      "referenceIdsRemaining": []
    },
    {
      "scenario": "fixed_week_missing_site14",
      "reports": "ON",
      "beforeCandidates": 175,
      "beforeReferenceCandidates": 0,
      "expectedStrictCount": 175,
      "actualCCount": 175,
      "actualCTop": [
        "108",
        "112",
        "15",
        "194",
        "126",
        "107",
        "9",
        "48",
        "195",
        "3"
      ],
      "fullTopMatchesApprovedStrict": true,
      "referenceIdsRemaining": []
    },
    {
      "scenario": "fixed_week_missing_report_sites",
      "reports": "OFF",
      "beforeCandidates": 176,
      "beforeReferenceCandidates": 0,
      "expectedStrictCount": 176,
      "actualCCount": 176,
      "actualCTop": [
        "112",
        "10",
        "15",
        "7",
        "126",
        "14",
        "107",
        "48",
        "3",
        "5"
      ],
      "fullTopMatchesApprovedStrict": true,
      "referenceIdsRemaining": []
    },
    {
      "scenario": "fixed_week_missing_report_sites",
      "reports": "ON",
      "beforeCandidates": 176,
      "beforeReferenceCandidates": 0,
      "expectedStrictCount": 176,
      "actualCCount": 176,
      "actualCTop": [
        "108",
        "112",
        "15",
        "194",
        "126",
        "14",
        "107",
        "48",
        "195",
        "3"
      ],
      "fullTopMatchesApprovedStrict": true,
      "referenceIdsRemaining": []
    },
    {
      "scenario": "fixed_week_site14_no_samples",
      "reports": "OFF",
      "beforeCandidates": 175,
      "beforeReferenceCandidates": 0,
      "expectedStrictCount": 175,
      "actualCCount": 175,
      "actualCTop": [
        "112",
        "7",
        "8",
        "10",
        "126",
        "107",
        "9",
        "48",
        "3",
        "5"
      ],
      "fullTopMatchesApprovedStrict": true,
      "referenceIdsRemaining": []
    },
    {
      "scenario": "fixed_week_site14_no_samples",
      "reports": "ON",
      "beforeCandidates": 175,
      "beforeReferenceCandidates": 0,
      "expectedStrictCount": 175,
      "actualCCount": 175,
      "actualCTop": [
        "108",
        "112",
        "15",
        "194",
        "126",
        "107",
        "9",
        "48",
        "195",
        "3"
      ],
      "fullTopMatchesApprovedStrict": true,
      "referenceIdsRemaining": []
    },
    {
      "scenario": "fixed_week_report_sites_no_samples",
      "reports": "OFF",
      "beforeCandidates": 165,
      "beforeReferenceCandidates": 0,
      "expectedStrictCount": 165,
      "actualCCount": 165,
      "actualCTop": [
        "112",
        "7",
        "8",
        "20",
        "14",
        "107",
        "9",
        "48",
        "3",
        "5"
      ],
      "fullTopMatchesApprovedStrict": true,
      "referenceIdsRemaining": []
    },
    {
      "scenario": "fixed_week_report_sites_no_samples",
      "reports": "ON",
      "beforeCandidates": 165,
      "beforeReferenceCandidates": 0,
      "expectedStrictCount": 165,
      "actualCCount": 165,
      "actualCTop": [
        "112",
        "7",
        "8",
        "20",
        "14",
        "107",
        "9",
        "48",
        "3",
        "5"
      ],
      "fullTopMatchesApprovedStrict": true,
      "referenceIdsRemaining": []
    },
    {
      "scenario": "controlled_2240_today_fresh_week_failure",
      "reports": "OFF",
      "beforeCandidates": 166,
      "beforeReferenceCandidates": 0,
      "expectedStrictCount": 166,
      "actualCCount": 166,
      "actualCTop": [
        "7",
        "8",
        "10",
        "15",
        "126",
        "9",
        "11",
        "6",
        "3",
        "108"
      ],
      "fullTopMatchesApprovedStrict": true,
      "referenceIdsRemaining": []
    },
    {
      "scenario": "controlled_2240_today_fresh_week_failure",
      "reports": "ON",
      "beforeCandidates": 166,
      "beforeReferenceCandidates": 0,
      "expectedStrictCount": 166,
      "actualCCount": 166,
      "actualCTop": [
        "108",
        "15",
        "194",
        "37",
        "126",
        "9",
        "10",
        "195",
        "6",
        "34"
      ],
      "fullTopMatchesApprovedStrict": true,
      "referenceIdsRemaining": []
    },
    {
      "scenario": "controlled_2240_today_delayed_week_failure",
      "reports": "OFF",
      "beforeCandidates": 0,
      "beforeReferenceCandidates": 0,
      "expectedStrictCount": 0,
      "actualCCount": 0,
      "actualCTop": [],
      "fullTopMatchesApprovedStrict": true,
      "referenceIdsRemaining": []
    },
    {
      "scenario": "controlled_2240_today_delayed_week_failure",
      "reports": "ON",
      "beforeCandidates": 0,
      "beforeReferenceCandidates": 0,
      "expectedStrictCount": 0,
      "actualCCount": 0,
      "actualCTop": [],
      "fullTopMatchesApprovedStrict": true,
      "referenceIdsRemaining": []
    },
    {
      "scenario": "controlled_2240_today_future_week_failure",
      "reports": "OFF",
      "beforeCandidates": 0,
      "beforeReferenceCandidates": 0,
      "expectedStrictCount": 0,
      "actualCCount": 0,
      "actualCTop": [],
      "fullTopMatchesApprovedStrict": true,
      "referenceIdsRemaining": []
    },
    {
      "scenario": "controlled_2240_today_future_week_failure",
      "reports": "ON",
      "beforeCandidates": 0,
      "beforeReferenceCandidates": 0,
      "expectedStrictCount": 0,
      "actualCCount": 0,
      "actualCTop": [],
      "fullTopMatchesApprovedStrict": true,
      "referenceIdsRemaining": []
    },
    {
      "scenario": "controlled_2240_today_bad_generation_week_failure",
      "reports": "OFF",
      "beforeCandidates": 0,
      "beforeReferenceCandidates": 0,
      "expectedStrictCount": 0,
      "actualCCount": 0,
      "actualCTop": [],
      "fullTopMatchesApprovedStrict": true,
      "referenceIdsRemaining": []
    },
    {
      "scenario": "controlled_2240_today_bad_generation_week_failure",
      "reports": "ON",
      "beforeCandidates": 0,
      "beforeReferenceCandidates": 0,
      "expectedStrictCount": 0,
      "actualCCount": 0,
      "actualCTop": [],
      "fullTopMatchesApprovedStrict": true,
      "referenceIdsRemaining": []
    },
    {
      "scenario": "controlled_2240_today_missing_generation_week_failure",
      "reports": "OFF",
      "beforeCandidates": 0,
      "beforeReferenceCandidates": 0,
      "expectedStrictCount": 0,
      "actualCCount": 0,
      "actualCTop": [],
      "fullTopMatchesApprovedStrict": true,
      "referenceIdsRemaining": []
    },
    {
      "scenario": "controlled_2240_today_missing_generation_week_failure",
      "reports": "ON",
      "beforeCandidates": 0,
      "beforeReferenceCandidates": 0,
      "expectedStrictCount": 0,
      "actualCCount": 0,
      "actualCTop": [],
      "fullTopMatchesApprovedStrict": true,
      "referenceIdsRemaining": []
    },
    {
      "scenario": "controlled_2240_mixed_report_reference",
      "reports": "OFF",
      "beforeCandidates": 165,
      "beforeReferenceCandidates": 0,
      "expectedStrictCount": 165,
      "actualCCount": 165,
      "actualCTop": [
        "112",
        "7",
        "8",
        "20",
        "14",
        "107",
        "9",
        "48",
        "3",
        "5"
      ],
      "fullTopMatchesApprovedStrict": true,
      "referenceIdsRemaining": []
    },
    {
      "scenario": "controlled_2240_mixed_report_reference",
      "reports": "ON",
      "beforeCandidates": 165,
      "beforeReferenceCandidates": 0,
      "expectedStrictCount": 165,
      "actualCCount": 165,
      "actualCTop": [
        "112",
        "7",
        "8",
        "20",
        "14",
        "107",
        "9",
        "48",
        "3",
        "5"
      ],
      "fullTopMatchesApprovedStrict": true,
      "referenceIdsRemaining": []
    },
    {
      "scenario": "controlled_previous_saved_week_failure",
      "reports": "OFF",
      "beforeCandidates": 0,
      "beforeReferenceCandidates": 0,
      "expectedStrictCount": 0,
      "actualCCount": 0,
      "actualCTop": [],
      "fullTopMatchesApprovedStrict": true,
      "referenceIdsRemaining": []
    },
    {
      "scenario": "controlled_previous_saved_week_failure",
      "reports": "ON",
      "beforeCandidates": 0,
      "beforeReferenceCandidates": 0,
      "expectedStrictCount": 0,
      "actualCCount": 0,
      "actualCTop": [],
      "fullTopMatchesApprovedStrict": true,
      "referenceIdsRemaining": []
    },
    {
      "scenario": "controlled_sparse6h_before_due",
      "reports": "OFF",
      "beforeCandidates": 1,
      "beforeReferenceCandidates": 0,
      "expectedStrictCount": 1,
      "actualCCount": 1,
      "actualCTop": [
        "14"
      ],
      "fullTopMatchesApprovedStrict": true,
      "referenceIdsRemaining": []
    },
    {
      "scenario": "controlled_sparse6h_before_due",
      "reports": "ON",
      "beforeCandidates": 1,
      "beforeReferenceCandidates": 0,
      "expectedStrictCount": 1,
      "actualCCount": 1,
      "actualCTop": [
        "14"
      ],
      "fullTopMatchesApprovedStrict": true,
      "referenceIdsRemaining": []
    },
    {
      "scenario": "controlled_sparse6h_after_due",
      "reports": "OFF",
      "beforeCandidates": 0,
      "beforeReferenceCandidates": 0,
      "expectedStrictCount": 0,
      "actualCCount": 0,
      "actualCTop": [],
      "fullTopMatchesApprovedStrict": true,
      "referenceIdsRemaining": []
    },
    {
      "scenario": "controlled_sparse6h_after_due",
      "reports": "ON",
      "beforeCandidates": 0,
      "beforeReferenceCandidates": 0,
      "expectedStrictCount": 0,
      "actualCCount": 0,
      "actualCTop": [],
      "fullTopMatchesApprovedStrict": true,
      "referenceIdsRemaining": []
    },
    {
      "scenario": "controlled_sparse6h_future_generation",
      "reports": "OFF",
      "beforeCandidates": 0,
      "beforeReferenceCandidates": 0,
      "expectedStrictCount": 0,
      "actualCCount": 0,
      "actualCTop": [],
      "fullTopMatchesApprovedStrict": true,
      "referenceIdsRemaining": []
    },
    {
      "scenario": "controlled_sparse6h_future_generation",
      "reports": "ON",
      "beforeCandidates": 0,
      "beforeReferenceCandidates": 0,
      "expectedStrictCount": 0,
      "actualCCount": 0,
      "actualCTop": [],
      "fullTopMatchesApprovedStrict": true,
      "referenceIdsRemaining": []
    },
    {
      "scenario": "controlled_sparse6h_bad_generation",
      "reports": "OFF",
      "beforeCandidates": 0,
      "beforeReferenceCandidates": 0,
      "expectedStrictCount": 0,
      "actualCCount": 0,
      "actualCTop": [],
      "fullTopMatchesApprovedStrict": true,
      "referenceIdsRemaining": []
    },
    {
      "scenario": "controlled_sparse6h_bad_generation",
      "reports": "ON",
      "beforeCandidates": 0,
      "beforeReferenceCandidates": 0,
      "expectedStrictCount": 0,
      "actualCCount": 0,
      "actualCTop": [],
      "fullTopMatchesApprovedStrict": true,
      "referenceIdsRemaining": []
    },
    {
      "scenario": "controlled_sparse6h_forecast_previous_date",
      "reports": "OFF",
      "beforeCandidates": 0,
      "beforeReferenceCandidates": 0,
      "expectedStrictCount": 0,
      "actualCCount": 0,
      "actualCTop": [],
      "fullTopMatchesApprovedStrict": true,
      "referenceIdsRemaining": []
    },
    {
      "scenario": "controlled_sparse6h_forecast_previous_date",
      "reports": "ON",
      "beforeCandidates": 0,
      "beforeReferenceCandidates": 0,
      "expectedStrictCount": 0,
      "actualCCount": 0,
      "actualCTop": [],
      "fullTopMatchesApprovedStrict": true,
      "referenceIdsRemaining": []
    }
  ]
}
