{
  "head": "2e485079a34fa5aeeef09e82f3b996bf2696d978",
  "passed": 80,
  "total": 80,
  "failed": [],
  "numericPassed": 92,
  "numericTotal": 92,
  "numericFailed": [],
  "builderRows": [
    {
      "kind": "tide",
      "siteId": "14",
      "rawScore": 92,
      "rawEligible": true,
      "source": {
        "kind": "today_saved",
        "dataCurrent": true,
        "scoreEligible": true,
        "stale": false,
        "date": "2026-10-10",
        "generatedAt": "2026-10-10 10:55 KST",
        "forecastTime": "2026-10-10 12:00 KST",
        "ageMinutes": 5
      },
      "actual": {
        "candidate": true,
        "score": 92,
        "rank": 108,
        "bonus": 16,
        "mandatory": true,
        "safe": true,
        "date": "2026-10-10",
        "time": "",
        "tideText": "만조 12:00 · 900cm",
        "topIds": [
          "14"
        ],
        "popupScore": 92
      },
      "pass": true
    },
    {
      "kind": "island",
      "siteId": "3",
      "rawScore": 92,
      "rawEligible": true,
      "source": {
        "kind": "today_saved",
        "dataCurrent": true,
        "scoreEligible": true,
        "stale": false,
        "date": "2026-10-10",
        "generatedAt": "2026-10-10 10:55 KST",
        "forecastTime": "2026-10-10 12:00 KST",
        "ageMinutes": 5
      },
      "actual": {
        "candidate": true,
        "score": 92,
        "rank": 108,
        "bonus": 16,
        "mandatory": true,
        "safe": true,
        "date": "2026-10-10",
        "time": "",
        "tideText": null,
        "topIds": [
          "3"
        ],
        "popupScore": 92
      },
      "pass": true
    },
    {
      "kind": "boat",
      "siteId": "48",
      "rawScore": 92,
      "rawEligible": true,
      "source": {
        "kind": "today_saved",
        "dataCurrent": true,
        "scoreEligible": true,
        "stale": false,
        "date": "2026-10-10",
        "generatedAt": "2026-10-10 10:55 KST",
        "forecastTime": "2026-10-10 12:00 KST",
        "ageMinutes": 5
      },
      "actual": {
        "candidate": false,
        "score": null,
        "rank": null,
        "bonus": 0,
        "mandatory": false,
        "safe": null,
        "date": null,
        "time": null,
        "tideText": null,
        "topIds": [],
        "popupScore": null
      },
      "pass": true
    }
  ]
}
