{
  "normal": [
    {
      "rev": "35141c04d4fd152982b1f4683d5b7a6f4f7514e5",
      "onCandidates": 176,
      "offCandidates": 176,
      "onTopIds": [
        "108",
        "112",
        "15",
        "194",
        "126",
        "14",
        "107",
        "48",
        "195",
        "3"
      ],
      "offTopIds": [
        "112",
        "7",
        "8",
        "10",
        "126",
        "14",
        "107",
        "48",
        "3",
        "5"
      ],
      "independentSelectorMatches": true
    },
    {
      "rev": "b0975cad9f3112af38cc286a892bf6f06722ce12",
      "onCandidates": 176,
      "offCandidates": 176,
      "onTopIds": [
        "108",
        "112",
        "15",
        "194",
        "126",
        "14",
        "107",
        "48",
        "195",
        "3"
      ],
      "offTopIds": [
        "112",
        "7",
        "8",
        "10",
        "126",
        "14",
        "107",
        "48",
        "3",
        "5"
      ],
      "independentSelectorMatches": true
    },
    {
      "rev": "e9c97d6c67353c2197ba2f7898329b3a6d0ce8e6",
      "onCandidates": 176,
      "offCandidates": 176,
      "onTopIds": [
        "108",
        "112",
        "15",
        "194",
        "126",
        "14",
        "107",
        "48",
        "195",
        "3"
      ],
      "offTopIds": [
        "112",
        "7",
        "8",
        "10",
        "126",
        "14",
        "107",
        "48",
        "3",
        "5"
      ],
      "independentSelectorMatches": true
    },
    {
      "rev": "352315a57d038687807dbe0044c136a22fb0c9c5",
      "onCandidates": 176,
      "offCandidates": 176,
      "onTopIds": [
        "108",
        "112",
        "15",
        "194",
        "126",
        "14",
        "107",
        "48",
        "195",
        "3"
      ],
      "offTopIds": [
        "112",
        "7",
        "8",
        "10",
        "126",
        "14",
        "107",
        "48",
        "3",
        "5"
      ],
      "independentSelectorMatches": true
    }
  ],
  "differences": [
    {
      "before": "35141c04d4fd152982b1f4683d5b7a6f4f7514e5",
      "after": "b0975cad9f3112af38cc286a892bf6f06722ce12",
      "condition": "reportsOn",
      "changedSiteIds": [],
      "topChanged": false,
      "full190SignatureEqual": true
    },
    {
      "before": "35141c04d4fd152982b1f4683d5b7a6f4f7514e5",
      "after": "e9c97d6c67353c2197ba2f7898329b3a6d0ce8e6",
      "condition": "reportsOn",
      "changedSiteIds": [],
      "topChanged": false,
      "full190SignatureEqual": true
    },
    {
      "before": "35141c04d4fd152982b1f4683d5b7a6f4f7514e5",
      "after": "352315a57d038687807dbe0044c136a22fb0c9c5",
      "condition": "reportsOn",
      "changedSiteIds": [],
      "topChanged": false,
      "full190SignatureEqual": true
    },
    {
      "before": "35141c04d4fd152982b1f4683d5b7a6f4f7514e5",
      "after": "b0975cad9f3112af38cc286a892bf6f06722ce12",
      "condition": "reportsOff",
      "changedSiteIds": [],
      "topChanged": false,
      "full190SignatureEqual": true
    },
    {
      "before": "35141c04d4fd152982b1f4683d5b7a6f4f7514e5",
      "after": "e9c97d6c67353c2197ba2f7898329b3a6d0ce8e6",
      "condition": "reportsOff",
      "changedSiteIds": [],
      "topChanged": false,
      "full190SignatureEqual": true
    },
    {
      "before": "35141c04d4fd152982b1f4683d5b7a6f4f7514e5",
      "after": "352315a57d038687807dbe0044c136a22fb0c9c5",
      "condition": "reportsOff",
      "changedSiteIds": [],
      "topChanged": false,
      "full190SignatureEqual": true
    }
  ],
  "synthetic": [
    {
      "rev": "35141c04d4fd152982b1f4683d5b7a6f4f7514e5",
      "candidates": 176,
      "zeroScoreIds": [
        "10",
        "15",
        "16",
        "34",
        "37",
        "108",
        "126",
        "136",
        "164",
        "194",
        "195"
      ],
      "top": [
        "112",
        "7",
        "8",
        "20",
        "126",
        "14",
        "107",
        "48",
        "3",
        "5"
      ]
    },
    {
      "rev": "b0975cad9f3112af38cc286a892bf6f06722ce12",
      "candidates": 176,
      "zeroScoreIds": [
        "10",
        "15",
        "16",
        "34",
        "37",
        "108",
        "126",
        "136",
        "164",
        "194",
        "195"
      ],
      "top": [
        "112",
        "7",
        "8",
        "20",
        "126",
        "14",
        "107",
        "48",
        "3",
        "5"
      ]
    },
    {
      "rev": "e9c97d6c67353c2197ba2f7898329b3a6d0ce8e6",
      "candidates": 165,
      "zeroScoreIds": [],
      "top": [
        "112",
        "7",
        "8",
        "20",
        "14",
        "107",
        "9",
        "48",
        "3",
        "5"
      ]
    },
    {
      "rev": "352315a57d038687807dbe0044c136a22fb0c9c5",
      "candidates": 165,
      "zeroScoreIds": [],
      "top": [
        "112",
        "7",
        "8",
        "20",
        "14",
        "107",
        "9",
        "48",
        "3",
        "5"
      ]
    }
  ],
  "s1SnapshotClassifier": [
    {
      "rev": "35141c04d4fd152982b1f4683d5b7a6f4f7514e5",
      "sites": 11,
      "literalSpeciesCount": 24,
      "classifiedSensitiveIds": []
    },
    {
      "rev": "e9c97d6c67353c2197ba2f7898329b3a6d0ce8e6",
      "sites": 11,
      "literalSpeciesCount": 24,
      "classifiedSensitiveIds": []
    },
    {
      "rev": "352315a57d038687807dbe0044c136a22fb0c9c5",
      "sites": 11,
      "literalSpeciesCount": 24,
      "classifiedSensitiveIds": []
    }
  ]
}
