{
  "head": "352315a57d038687807dbe0044c136a22fb0c9c5",
  "main": "b0975cad9f3112af38cc286a892bf6f06722ce12",
  "combinedTree": "0a32d8b656405ba3ee8cf85dc0208b9e0aa3d3d6",
  "rows": [
    {
      "folder": "targetC",
      "file": "index.html",
      "ref": "352315a57d038687807dbe0044c136a22fb0c9c5",
      "normalizedSHA256": "6b7dcaa9db4f4648af90f8b5c835f0e375024ab9ccc7b14990296d13dce6ad3d",
      "gitBlobSHA256": "6b7dcaa9db4f4648af90f8b5c835f0e375024ab9ccc7b14990296d13dce6ad3d",
      "archiveRawSHA256": "4d01b96125614d9b2e42c5a8b01b1da52fc19a90702951eee16149937e3a77da",
      "matchesGitBlob": true
    },
    {
      "folder": "combinedC",
      "file": "index.html",
      "ref": "352315a57d038687807dbe0044c136a22fb0c9c5",
      "normalizedSHA256": "6b7dcaa9db4f4648af90f8b5c835f0e375024ab9ccc7b14990296d13dce6ad3d",
      "gitBlobSHA256": "6b7dcaa9db4f4648af90f8b5c835f0e375024ab9ccc7b14990296d13dce6ad3d",
      "archiveRawSHA256": "4d01b96125614d9b2e42c5a8b01b1da52fc19a90702951eee16149937e3a77da",
      "matchesGitBlob": true
    },
    {
      "folder": "combinedC",
      "file": "weather_today.json",
      "ref": "b0975cad9f3112af38cc286a892bf6f06722ce12",
      "normalizedSHA256": "0577a5fc3cebc4e8956abcfeaeb05a69628e5f02034e43616c8d249d01aa5db0",
      "gitBlobSHA256": "0577a5fc3cebc4e8956abcfeaeb05a69628e5f02034e43616c8d249d01aa5db0",
      "archiveRawSHA256": "1cf7c1a20b55b74c0d376b9e5ab51efcecb4eba8650c3dd856f205b53c43f71e",
      "matchesGitBlob": true
    },
    {
      "folder": "combinedC",
      "file": "weather_week.json",
      "ref": "b0975cad9f3112af38cc286a892bf6f06722ce12",
      "normalizedSHA256": "14e2e39ced791c6faef0cfc9da1625255148a4ca77e2e8d39ac5040949dc3cee",
      "gitBlobSHA256": "14e2e39ced791c6faef0cfc9da1625255148a4ca77e2e8d39ac5040949dc3cee",
      "archiveRawSHA256": "da4cdfd0a61d99ab94aebd9410feb46df20ef736ca56fdc7d8f7a6026d4c7e63",
      "matchesGitBlob": true
    },
    {
      "folder": "combinedC",
      "file": "tide_today.json",
      "ref": "b0975cad9f3112af38cc286a892bf6f06722ce12",
      "normalizedSHA256": "1b877f5e9f3c2603bee44b7269b64f12959c1854f1393ad72492af60e842c797",
      "gitBlobSHA256": "1b877f5e9f3c2603bee44b7269b64f12959c1854f1393ad72492af60e842c797",
      "archiveRawSHA256": "394e1bf3541323d713400bc0dd6fd44da5fb4e9dae8111873f8d083262678286",
      "matchesGitBlob": true
    },
    {
      "folder": "combinedC",
      "file": "tide_month.json",
      "ref": "b0975cad9f3112af38cc286a892bf6f06722ce12",
      "normalizedSHA256": "a575e30bdd079e88fde7f0760ac987d621e918228d1f8b3423ffc9e45fbb2cd8",
      "gitBlobSHA256": "a575e30bdd079e88fde7f0760ac987d621e918228d1f8b3423ffc9e45fbb2cd8",
      "archiveRawSHA256": "e50ccd881da2ed0cd7d071cc287d624fb7466638b4385346437d77311ff9edbc",
      "matchesGitBlob": true
    }
  ],
  "counts": {
    "regression": {
      "pass": 588,
      "fail": 0,
      "skip": 1
    },
    "matrix": 182,
    "special": 21,
    "popup": 12,
    "chrome245": {
      "total": 245,
      "pass": 245,
      "fail": 0,
      "errors": 0
    },
    "chromeRecovery45": {
      "total": 45,
      "pass": 45,
      "fail": 0
    },
    "rootChrome49": {
      "total": 49,
      "pass": 49,
      "fail": 0,
      "errors": 0
    },
    "rootRecovery9": {
      "total": 9,
      "pass": 9,
      "fail": 0
    },
    "rootWeeklyInvalidTime": {
      "total": 2,
      "pass": 0,
      "fail": 2
    },
    "loaderChrome": {
      "conditions": 40,
      "propertyPass": 20,
      "propertyFail": 20,
      "exceptions": 0
    },
    "sourceCore": 74,
    "sourceCoreMismatch": 43,
    "schemaDiagnostics": 4,
    "timestampHelper": 23,
    "normalSites": 190,
    "normalCandidates": 176,
    "policyConditions": 38
  }
}
