{
  "head": "1bd26199bdd66ff48d41dc4fa5a6ebcef059f07c",
  "matrix": [
    182,
    182
  ],
  "failures": [],
  "special": [
    21,
    21
  ],
  "specialFailures": [],
  "popupFailures": [],
  "selectors": [
    {
      "function": "autumnBalancedRecommendations",
      "invalidDirectIds": [
        "501"
      ],
      "note": "Direct call defense only; full production todayRecommendedSites already calls candidate/raw-score gates."
    },
    {
      "function": "winterBalancedRecommendations",
      "invalidDirectIds": [
        "501"
      ],
      "note": "Direct call defense only; full production todayRecommendedSites already calls candidate/raw-score gates."
    },
    {
      "function": "springBalancedRecommendations",
      "invalidDirectIds": [
        "501"
      ],
      "note": "Direct call defense only; full production todayRecommendedSites already calls candidate/raw-score gates."
    },
    {
      "function": "summerBalancedRecommendations",
      "invalidDirectIds": [
        "501"
      ],
      "note": "Direct call defense only; full production todayRecommendedSites already calls candidate/raw-score gates."
    }
  ],
  "fixedCandidates": 176,
  "fixedTopExact": true
}
