{
  "schemaVersion": 1,
  "allComparisonsPass": true,
  "providedOutputSHA256": "fbef6de85a28567354bdcb98a2d4374cd99b794da25ab6dfa1e71046413d283e",
  "normalComparisons": 8,
  "syntheticComparisons": 4,
  "summary": [
    {
      "rev": "35141c04d4fd152982b1f4683d5b7a6f4f7514e5",
      "scenario": "withSightings",
      "matchedCountTopScores": true,
      "candidates": 176,
      "safe": 176,
      "topIds": [
        "108",
        "112",
        "15",
        "194",
        "126",
        "14",
        "107",
        "48",
        "195",
        "3"
      ]
    },
    {
      "rev": "35141c04d4fd152982b1f4683d5b7a6f4f7514e5",
      "scenario": "withoutSightings",
      "matchedCountTopScores": true,
      "candidates": 176,
      "safe": 176,
      "topIds": [
        "112",
        "7",
        "8",
        "10",
        "126",
        "14",
        "107",
        "48",
        "3",
        "5"
      ]
    },
    {
      "rev": "35141c04d4fd152982b1f4683d5b7a6f4f7514e5",
      "scenario": "syntheticNullScores",
      "matchedCountTopScores": true,
      "candidates": 176,
      "zeroScoreCandidateCount": 11
    },
    {
      "rev": "38b45299c832b8ab8ad549762c02979fa8ddfb28",
      "scenario": "withSightings",
      "matchedCountTopScores": true,
      "candidates": 176,
      "safe": 176,
      "topIds": [
        "108",
        "112",
        "15",
        "194",
        "126",
        "14",
        "107",
        "48",
        "195",
        "3"
      ]
    },
    {
      "rev": "38b45299c832b8ab8ad549762c02979fa8ddfb28",
      "scenario": "withoutSightings",
      "matchedCountTopScores": true,
      "candidates": 176,
      "safe": 176,
      "topIds": [
        "112",
        "7",
        "8",
        "10",
        "126",
        "14",
        "107",
        "48",
        "3",
        "5"
      ]
    },
    {
      "rev": "38b45299c832b8ab8ad549762c02979fa8ddfb28",
      "scenario": "syntheticNullScores",
      "matchedCountTopScores": true,
      "candidates": 176,
      "zeroScoreCandidateCount": 11
    },
    {
      "rev": "7eb6764a0ea1c1e1ac6b97b3752d14dc05a8ff3e",
      "scenario": "withSightings",
      "matchedCountTopScores": true,
      "candidates": 176,
      "safe": 176,
      "topIds": [
        "108",
        "112",
        "15",
        "194",
        "126",
        "14",
        "107",
        "48",
        "195",
        "3"
      ]
    },
    {
      "rev": "7eb6764a0ea1c1e1ac6b97b3752d14dc05a8ff3e",
      "scenario": "withoutSightings",
      "matchedCountTopScores": true,
      "candidates": 176,
      "safe": 176,
      "topIds": [
        "112",
        "7",
        "8",
        "10",
        "126",
        "14",
        "107",
        "48",
        "3",
        "5"
      ]
    },
    {
      "rev": "7eb6764a0ea1c1e1ac6b97b3752d14dc05a8ff3e",
      "scenario": "syntheticNullScores",
      "matchedCountTopScores": true,
      "candidates": 165,
      "zeroScoreCandidateCount": 0
    },
    {
      "rev": "1bd26199bdd66ff48d41dc4fa5a6ebcef059f07c",
      "scenario": "withSightings",
      "matchedCountTopScores": true,
      "candidates": 176,
      "safe": 176,
      "topIds": [
        "108",
        "112",
        "15",
        "194",
        "126",
        "14",
        "107",
        "48",
        "195",
        "3"
      ]
    },
    {
      "rev": "1bd26199bdd66ff48d41dc4fa5a6ebcef059f07c",
      "scenario": "withoutSightings",
      "matchedCountTopScores": true,
      "candidates": 176,
      "safe": 176,
      "topIds": [
        "112",
        "7",
        "8",
        "10",
        "126",
        "14",
        "107",
        "48",
        "3",
        "5"
      ]
    },
    {
      "rev": "1bd26199bdd66ff48d41dc4fa5a6ebcef059f07c",
      "scenario": "syntheticNullScores",
      "matchedCountTopScores": true,
      "candidates": 165,
      "zeroScoreCandidateCount": 0
    }
  ],
  "limitations": [
    "Provided script lacks weather_today input, display score output; its added candidate signature is a subset of complete entry data. Independent replay supplies actual today snapshot and compares all 190 complete entry hashes."
  ]
}
