{
  "schemaVersion": 1,
  "allComparisonsPass": true,
  "providedOutputSHA256": "c4ec8442fb33111c7885f8d5ee87846770f21fed500dcf18e5a79da80b5bee0b",
  "normalComparisons": 8,
  "syntheticComparisons": 4,
  "summary": [
    {
      "rev": "35141c04d4fd152982b1f4683d5b7a6f4f7514e5",
      "scenario": "withSightings",
      "matchedCountTopScores": true,
      "candidates": 176,
      "safe": 176,
      "topIds": [
        "108",
        "112",
        "15",
        "194",
        "126",
        "14",
        "107",
        "48",
        "195",
        "3"
      ]
    },
    {
      "rev": "35141c04d4fd152982b1f4683d5b7a6f4f7514e5",
      "scenario": "withoutSightings",
      "matchedCountTopScores": true,
      "candidates": 176,
      "safe": 176,
      "topIds": [
        "112",
        "7",
        "8",
        "10",
        "126",
        "14",
        "107",
        "48",
        "3",
        "5"
      ]
    },
    {
      "rev": "35141c04d4fd152982b1f4683d5b7a6f4f7514e5",
      "scenario": "syntheticNullScores",
      "matchedCountTopScores": true,
      "candidates": 176,
      "zeroScoreCandidateCount": 11
    },
    {
      "rev": "b0975cad9f3112af38cc286a892bf6f06722ce12",
      "scenario": "withSightings",
      "matchedCountTopScores": true,
      "candidates": 176,
      "safe": 176,
      "topIds": [
        "108",
        "112",
        "15",
        "194",
        "126",
        "14",
        "107",
        "48",
        "195",
        "3"
      ]
    },
    {
      "rev": "b0975cad9f3112af38cc286a892bf6f06722ce12",
      "scenario": "withoutSightings",
      "matchedCountTopScores": true,
      "candidates": 176,
      "safe": 176,
      "topIds": [
        "112",
        "7",
        "8",
        "10",
        "126",
        "14",
        "107",
        "48",
        "3",
        "5"
      ]
    },
    {
      "rev": "b0975cad9f3112af38cc286a892bf6f06722ce12",
      "scenario": "syntheticNullScores",
      "matchedCountTopScores": true,
      "candidates": 176,
      "zeroScoreCandidateCount": 11
    },
    {
      "rev": "1bd26199bdd66ff48d41dc4fa5a6ebcef059f07c",
      "scenario": "withSightings",
      "matchedCountTopScores": true,
      "candidates": 176,
      "safe": 176,
      "topIds": [
        "108",
        "112",
        "15",
        "194",
        "126",
        "14",
        "107",
        "48",
        "195",
        "3"
      ]
    },
    {
      "rev": "1bd26199bdd66ff48d41dc4fa5a6ebcef059f07c",
      "scenario": "withoutSightings",
      "matchedCountTopScores": true,
      "candidates": 176,
      "safe": 176,
      "topIds": [
        "112",
        "7",
        "8",
        "10",
        "126",
        "14",
        "107",
        "48",
        "3",
        "5"
      ]
    },
    {
      "rev": "1bd26199bdd66ff48d41dc4fa5a6ebcef059f07c",
      "scenario": "syntheticNullScores",
      "matchedCountTopScores": true,
      "candidates": 165,
      "zeroScoreCandidateCount": 0
    },
    {
      "rev": "8ccb248faa2c5c7b5a6019d12e19e21031169460",
      "scenario": "withSightings",
      "matchedCountTopScores": true,
      "candidates": 176,
      "safe": 176,
      "topIds": [
        "108",
        "112",
        "15",
        "194",
        "126",
        "14",
        "107",
        "48",
        "195",
        "3"
      ]
    },
    {
      "rev": "8ccb248faa2c5c7b5a6019d12e19e21031169460",
      "scenario": "withoutSightings",
      "matchedCountTopScores": true,
      "candidates": 176,
      "safe": 176,
      "topIds": [
        "112",
        "7",
        "8",
        "10",
        "126",
        "14",
        "107",
        "48",
        "3",
        "5"
      ]
    },
    {
      "rev": "8ccb248faa2c5c7b5a6019d12e19e21031169460",
      "scenario": "syntheticNullScores",
      "matchedCountTopScores": true,
      "candidates": 165,
      "zeroScoreCandidateCount": 0
    }
  ],
  "limitations": [
    "Provided script lacks weather_today input, display score output; its added candidate signature is a subset of complete entry data. Independent replay supplies actual today snapshot and compares all 190 complete entry hashes."
  ]
}
